Microchip MPLAB XC8 PIC(R) Assembler V3.0

Linker command line:

-W-3 \
  --edf=C:\Program Files\Microchip\xc8\v3.00\pic\dat\20241204225717_en.msgs \
  -cs -h+dist/default/debug\MPLAPlab_2.X.debug.sym \
  --cmf=dist/default/debug\MPLAPlab_2.X.debug.cmf -z -Q16F88 \
  -oC:\Users\2035057\AppData\Local\Temp\xcAspk.\driver_tmp_3.o \
  --fixupoverflow=error -ver=XC8 PIC(R) Assembler --fixupoverflow=lstwarn \
  -Mdist/default/debug/MPLAPlab_2.X.debug.map -E1 -ACODE=00h-07FFhx2 \
  -ASTRCODE=00h-0FFFh -ASTRING=00h-0FFhx16 -ACONST=00h-0FFhx16 \
  -AENTRY=00h-0FFhx16 -ACOMMON=070h-07Fh -ABANK0=020h-06Fh \
  -ABANK1=0A0h-0EFh -ABANK2=0110h-016Fh -ABANK3=0190h-01EFh \
  -ARAM=020h-06Fh,0A0h-0EFh,0110h-016Fh,0190h-01EFh \
  -AABS1=020h-07Fh,0A0h-0EFh,0110h-016Fh,0190h-01EFh -ASFR0=00h-01Fh \
  -ASFR1=080h-09Fh -ASFR2=0100h-010Fh -ASFR3=0180h-018Fh \
  -ACONFIG=02007h-02008h -DCONFIG=2 -AIDLOC=02000h-02003h -DIDLOC=2 \
  -AEEDATA=00h-0FFh/02100h -DEEDATA=2 -DCODE=2 -DSTRCODE=2 -DSTRING=2 \
  -DCONST=2 -DENTRY=2 build/default/debug/newAsmTemplate.o 

Object code version is 3.11

Machine type is 16F88



                Name                               Link     Load   Length Selector   Space Scale
build/default/debug/newAsmTemplate.o
                config                             2007     2007        2        0       4
                intVec                                0        0       1A        0       0
                resetVec                              0        0        1        0       0
                code                                76A      76A       96      ED4       0
                udata                                20       20        1       20       1
                udata_shr                            70       70       10       70       1

TOTAL           Name                               Link     Load   Length     Space
        CLASS   CODE           
                intVec                                0        0       1A         0
                resetVec                              0        0        1         0
                code                                76A      76A       96         0

        CLASS   STRCODE        

        CLASS   STRING         

        CLASS   CONST          

        CLASS   ENTRY          

        CLASS   COMMON         
                udata_shr                            70       70       10         1

        CLASS   BANK0          

        CLASS   BANK1          

        CLASS   BANK2          

        CLASS   BANK3          

        CLASS   RAM            
                udata                                20       20        1         1

        CLASS   ABS1           

        CLASS   SFR0           

        CLASS   SFR1           

        CLASS   SFR2           

        CLASS   SFR3           

        CLASS   CONFIG         
                config                             2007     2007        2         4

        CLASS   IDLOC          

        CLASS   EEDATA         



SEGMENTS        Name                           Load    Length   Top    Selector   Space  Class     Delta

                udata                          000020  000001  000021        20       1  RAM         1
                udata_shr                      000070  000010  000080        70       1  COMMON      1
                code                           00076A  000096  000800       ED4       0  CODE        2


UNUSED ADDRESS RANGES

        Name                Unused          Largest block    Delta
        BANK0            0021-006F             4F           1
        BANK1            00A0-00EF             50           1
        BANK2            0110-016F             60           1
        BANK3            0190-01EF             60           1
        CODE             001A-0769            750           2
                         0800-0FFF            800
        CONST            001A-0769            100           2
                         0800-0FFF            100
        EEDATA           2100-21FF            100           2
        ENTRY            001A-0769            100           2
                         0800-0FFF            100
        IDLOC            2000-2003              4           2
        RAM              0021-006F             4F           1
                         00A0-00EF             50
                         0110-016F             60
                         0190-01EF             60
        SFR1             0080-009F             20           1
        SFR2             0100-010F             10           1
        SFR3             0180-018F             10           1
        STRCODE          001A-0769            750           2
                         0800-0FFF            800
        STRING           001A-0769            100           2
                         0800-0FFF            100

                                  Symbol Table

__H__absolute__ __absolute__ 0000  __Hcode         code         0000
__Hconfig       config       2009  __Hdata         data         0000
__Hedata        edata        0000  __HintVec       intVec       0000
__HresetVec     resetVec     0000  __Hspace_0      (abs)        0800
__Hspace_1      (abs)        0080  __Hspace_3      (abs)        0000
__Hspace_4      (abs)        4010  __Hudata        udata        0000
__Hudata_bank0  udata_bank0  0000  __Hudata_bank1  udata_bank1  0000
__Hudata_bank2  udata_bank2  0000  __Hudata_bank3  udata_bank3  0000
__Hudata_shr    udata_shr    0000  __L__absolute__ __absolute__ 0000
__Lcode         code         0000  __Lconfig       config       0000
__Ldata         data         0000  __Ledata        edata        0000
__LintVec       intVec       0000  __LresetVec     resetVec     0000
__Lspace_0      (abs)        0000  __Lspace_1      (abs)        0000
__Lspace_3      (abs)        0000  __Lspace_4      (abs)        0000
__Ludata        udata        0000  __Ludata_bank0  udata_bank0  0000
__Ludata_bank1  udata_bank1  0000  __Ludata_bank2  udata_bank2  0000
__Ludata_bank3  udata_bank3  0000  __Ludata_shr    udata_shr    0000
__S0            (abs)        0800  __S1            (abs)        0080
__S3            (abs)        0000  
